C:/Users/LENOVO/Downloads/Pokemon_Update_Final/Pokemon_Update/Core/Src/main.c:991:13:SPI5_Write	1
C:/Users/LENOVO/Downloads/Pokemon_Update_Final/Pokemon_Update/Core/Src/main.c:1103:6:StartDefaultTask	1
C:/Users/LENOVO/Downloads/Pokemon_Update_Final/Pokemon_Update/Core/Src/main.c:152:6:HAL_ADC_ConvCpltCallback	3
C:/Users/LENOVO/Downloads/Pokemon_Update_Final/Pokemon_Update/Core/Src/main.c:265:6:SystemClock_Config	1
C:/Users/LENOVO/Downloads/Pokemon_Update_Final/Pokemon_Update/Core/Src/main.c:171:5:main	2
C:/Users/LENOVO/Downloads/Pokemon_Update_Final/Pokemon_Update/Core/Src/main.c:835:6:IOE_Init	1
C:/Users/LENOVO/Downloads/Pokemon_Update_Final/Pokemon_Update/Core/Src/main.c:844:6:IOE_ITConfig	1
C:/Users/LENOVO/Downloads/Pokemon_Update_Final/Pokemon_Update/Core/Src/main.c:856:6:IOE_Write	1
C:/Users/LENOVO/Downloads/Pokemon_Update_Final/Pokemon_Update/Core/Src/main.c:867:9:IOE_Read	1
C:/Users/LENOVO/Downloads/Pokemon_Update_Final/Pokemon_Update/Core/Src/main.c:880:10:IOE_ReadMultiple	1
C:/Users/LENOVO/Downloads/Pokemon_Update_Final/Pokemon_Update/Core/Src/main.c:889:6:IOE_Delay	1
C:/Users/LENOVO/Downloads/Pokemon_Update_Final/Pokemon_Update/Core/Src/main.c:1017:6:LCD_IO_Init	1
C:/Users/LENOVO/Downloads/Pokemon_Update_Final/Pokemon_Update/Core/Src/main.c:1027:6:LCD_IO_WriteData	1
C:/Users/LENOVO/Downloads/Pokemon_Update_Final/Pokemon_Update/Core/Src/main.c:1043:6:LCD_IO_WriteReg	1
C:/Users/LENOVO/Downloads/Pokemon_Update_Final/Pokemon_Update/Core/Src/main.c:1062:10:LCD_IO_ReadData	1
C:/Users/LENOVO/Downloads/Pokemon_Update_Final/Pokemon_Update/Core/Src/main.c:1089:6:LCD_Delay	1
C:/Users/LENOVO/Downloads/Pokemon_Update_Final/Pokemon_Update/Core/Src/main.c:1122:6:HAL_TIM_PeriodElapsedCallback	2
C:/Users/LENOVO/Downloads/Pokemon_Update_Final/Pokemon_Update/Core/Src/main.c:1140:6:Error_Handler	1
