../../Middlewares/ST/touchgfx/framework/include/touchgfx/Screen.hpp:104:18:virtual void touchgfx::Screen::afterTransition()	0	static
../../Middlewares/ST/touchgfx/framework/include/touchgfx/Screen.hpp:144:18:virtual void touchgfx::Screen::handleTickEvent()	0	static
../../Middlewares/ST/touchgfx/framework/include/touchgfx/Screen.hpp:154:18:virtual void touchgfx::Screen::handleKeyEvent(uint8_t)	0	static
C:/Users/nvt22/Downloads/Pokemon_Update/TouchGFX/gui/src/bag_screen/BagView.cpp:13:6:virtual void BagView::tearDownScreen()	0	static
../../TouchGFX/gui/include/gui/bag_screen/BagView.hpp:11:13:BagView::~BagView()	8	static
../../TouchGFX/gui/include/gui/bag_screen/BagView.hpp:11:13:virtual BagView::~BagView()	8	static
C:/Users/nvt22/Downloads/Pokemon_Update/TouchGFX/gui/src/bag_screen/BagView.cpp:3:1:BagView::BagView()	8	static
C:/Users/nvt22/Downloads/Pokemon_Update/TouchGFX/gui/src/bag_screen/BagView.cpp:8:6:virtual void BagView::setupScreen()	0	static
