../../TouchGFX/gui/include/gui/model/ModelListener.hpp:13:18:virtual void ModelListener::updatePointerPosition(int, int)	0	static
../../TouchGFX/gui/include/gui/fight_screen/FightPresenter.hpp:28:13:FightPresenter::~FightPresenter()	0	static
C:/Users/LENOVO/Downloads/Pokemon_Update_Final/Pokemon_Update/TouchGFX/gui/src/fight_screen/FightPresenter.cpp:10:6:virtual void FightPresenter::activate()	0	static
../../TouchGFX/gui/include/gui/fight_screen/FightPresenter.hpp:28:13:virtual FightPresenter::~FightPresenter()	8	static
../../TouchGFX/gui/include/gui/fight_screen/FightPresenter.hpp:28:13:virtual void* FightPresenter::_ZThn4_N14FightPresenterD1Ev()	0	static
C:/Users/LENOVO/Downloads/Pokemon_Update_Final/Pokemon_Update/TouchGFX/gui/src/fight_screen/FightPresenter.cpp:4:1:FightPresenter::FightPresenter(FightView&)	0	static
