../../Middlewares/ST/touchgfx/framework/include/touchgfx/Drawable.hpp:147:23:virtual touchgfx::Drawable* touchgfx::Drawable::getFirstChild()	0	static
../../Middlewares/ST/touchgfx/framework/include/touchgfx/Drawable.hpp:315:18:virtual void touchgfx::Drawable::setX(int16_t)	0	static
../../Middlewares/ST/touchgfx/framework/include/touchgfx/Drawable.hpp:327:18:virtual void touchgfx::Drawable::setY(int16_t)	0	static
../../Middlewares/ST/touchgfx/framework/include/touchgfx/Drawable.hpp:356:18:virtual void touchgfx::Drawable::setWidth(int16_t)	0	static
../../Middlewares/ST/touchgfx/framework/include/touchgfx/Drawable.hpp:368:18:virtual void touchgfx::Drawable::setHeight(int16_t)	0	static
../../Middlewares/ST/touchgfx/framework/include/touchgfx/Drawable.hpp:378:18:virtual void touchgfx::Drawable::childGeometryChanged()	0	static
../../Middlewares/ST/touchgfx/framework/include/touchgfx/Drawable.hpp:389:18:virtual void touchgfx::Drawable::handleClickEvent(const touchgfx::ClickEvent&)	0	static
../../Middlewares/ST/touchgfx/framework/include/touchgfx/Drawable.hpp:401:18:virtual void touchgfx::Drawable::handleGestureEvent(const touchgfx::GestureEvent&)	0	static
../../Middlewares/ST/touchgfx/framework/include/touchgfx/Drawable.hpp:490:18:virtual void touchgfx::Drawable::handleDragEvent(const touchgfx::DragEvent&)	0	static
../../Middlewares/ST/touchgfx/framework/include/touchgfx/Drawable.hpp:501:18:virtual void touchgfx::Drawable::handleTickEvent()	0	static
../../Middlewares/ST/touchgfx/framework/include/touchgfx/Drawable.hpp:588:18:virtual void touchgfx::Drawable::moveTo(int16_t, int16_t)	4	static
../../Middlewares/ST/touchgfx/framework/include/touchgfx/Drawable.hpp:703:18:virtual void touchgfx::Drawable::setupDrawChain(const touchgfx::Rect&, touchgfx::Drawable**)	0	static
../../Middlewares/ST/touchgfx/framework/include/touchgfx/containers/Container.hpp:165:23:virtual touchgfx::Drawable* touchgfx::Container::getFirstChild()	0	static
../../Middlewares/ST/touchgfx/framework/include/touchgfx/Screen.hpp:93:18:virtual void touchgfx::Screen::setupScreen()	0	static
../../Middlewares/ST/touchgfx/framework/include/touchgfx/Screen.hpp:104:18:virtual void touchgfx::Screen::afterTransition()	0	static
../../Middlewares/ST/touchgfx/framework/include/touchgfx/Screen.hpp:115:18:virtual void touchgfx::Screen::tearDownScreen()	0	static
../../Middlewares/ST/touchgfx/framework/include/touchgfx/Screen.hpp:144:18:virtual void touchgfx::Screen::handleTickEvent()	0	static
../../Middlewares/ST/touchgfx/framework/include/touchgfx/Screen.hpp:154:18:virtual void touchgfx::Screen::handleKeyEvent(uint8_t)	0	static
../../Middlewares/ST/touchgfx/framework/include/touchgfx/TypedText.hpp:65:13:touchgfx::TypedText::~TypedText()	0	static
../../Middlewares/ST/touchgfx/framework/include/touchgfx/widgets/TextArea.hpp:48:18:virtual void touchgfx::TextArea::setWidth(int16_t)	32	static
../../Middlewares/ST/touchgfx/framework/include/touchgfx/widgets/TextArea.hpp:54:18:virtual void touchgfx::TextArea::setHeight(int16_t)	32	static
../../Middlewares/ST/touchgfx/framework/include/touchgfx/widgets/TextArea.hpp:60:18:virtual touchgfx::Rect touchgfx::TextArea::getSolidRect() const	0	static
../../Middlewares/ST/touchgfx/framework/include/touchgfx/widgets/TextArea.hpp:89:18:virtual void touchgfx::TextArea::setAlpha(uint8_t)	0	static
../../Middlewares/ST/touchgfx/framework/include/touchgfx/widgets/TextArea.hpp:127:18:virtual void touchgfx::TextArea::setXBaselineY(int16_t, int16_t)	16	static
../../Middlewares/ST/touchgfx/framework/include/touchgfx/widgets/TextArea.hpp:403:41:virtual const touchgfx::Unicode::UnicodeChar* touchgfx::TextArea::getWildcard2() const	0	static
../../Middlewares/ST/touchgfx/framework/include/touchgfx/widgets/canvas/AbstractPainter.hpp:61:34:virtual touchgfx::HAL::RenderingMethod touchgfx::AbstractPainter::getRenderingMethod() const	0	static
../../Middlewares/ST/touchgfx/framework/include/touchgfx/widgets/canvas/AbstractPainter.hpp:78:18:virtual bool touchgfx::AbstractPainter::setup(const touchgfx::Rect&) const	0	static
../../Middlewares/ST/touchgfx/framework/include/touchgfx/widgets/canvas/AbstractPainter.hpp:90:18:virtual void touchgfx::AbstractPainter::tearDown() const	0	static
../../Middlewares/ST/touchgfx/framework/include/touchgfx/widgets/canvas/CanvasWidget.hpp:66:18:virtual void touchgfx::CanvasWidget::setAlpha(uint8_t)	0	static
../../Middlewares/ST/touchgfx/framework/include/touchgfx/widgets/canvas/CanvasWidget.hpp:72:21:virtual uint8_t touchgfx::CanvasWidget::getAlpha() const	0	static
../../Middlewares/ST/touchgfx/framework/include/touchgfx/widgets/canvas/CanvasWidget.hpp:134:18:virtual touchgfx::Rect touchgfx::CanvasWidget::getSolidRect() const	0	static
../../Middlewares/ST/touchgfx/framework/include/touchgfx/containers/buttons/AbstractButtonContainer.hpp:114:18:virtual void touchgfx::AbstractButtonContainer::handlePressedUpdated()	0	static
../../Middlewares/ST/touchgfx/framework/include/touchgfx/containers/buttons/AbstractButtonContainer.hpp:119:18:virtual void touchgfx::AbstractButtonContainer::handleAlphaUpdated()	0	static
../../Middlewares/ST/touchgfx/framework/include/touchgfx/containers/buttons/AbstractButtonContainer.hpp:34:7:touchgfx::AbstractButtonContainer::~AbstractButtonContainer()	0	static
../../Middlewares/ST/touchgfx/framework/include/touchgfx/widgets/TextAreaWithWildcard.hpp:49:36:virtual touchgfx::TextArea::BoundingArea touchgfx::TextAreaWithWildcardBase::calculateBoundingArea() const	0	static
../../Middlewares/ST/touchgfx/framework/include/touchgfx/widgets/TextAreaWithWildcard.hpp:84:41:virtual const touchgfx::Unicode::UnicodeChar* touchgfx::TextAreaWithOneWildcard::getWildcard1() const	0	static
../../TouchGFX/generated/gui_generated/include/gui_generated/fight_screen/FightViewBase.hpp:30:18:virtual void FightViewBase::Fight()	0	static
../../TouchGFX/generated/gui_generated/include/gui_generated/fight_screen/FightViewBase.hpp:34:18:virtual void FightViewBase::FireBlast()	0	static
../../TouchGFX/generated/gui_generated/include/gui_generated/fight_screen/FightViewBase.hpp:38:18:virtual void FightViewBase::DragonRage()	0	static
../../TouchGFX/generated/gui_generated/include/gui_generated/fight_screen/FightViewBase.hpp:42:18:virtual void FightViewBase::Protect()	0	static
../../TouchGFX/generated/gui_generated/include/gui_generated/fight_screen/FightViewBase.hpp:46:18:virtual void FightViewBase::ShowBag()	0	static
../../TouchGFX/generated/gui_generated/include/gui_generated/fight_screen/FightViewBase.hpp:50:18:virtual void FightViewBase::useBom()	0	static
../../TouchGFX/generated/gui_generated/include/gui_generated/fight_screen/FightViewBase.hpp:54:18:virtual void FightViewBase::useFullHeal()	0	static
../../TouchGFX/generated/gui_generated/include/gui_generated/fight_screen/FightViewBase.hpp:58:18:virtual void FightViewBase::usePotion()	0	static
../../TouchGFX/generated/gui_generated/include/gui_generated/fight_screen/FightViewBase.hpp:62:18:virtual void FightViewBase::HideBag()	0	static
../../TouchGFX/generated/gui_generated/include/gui_generated/fight_screen/FightViewBase.hpp:66:18:virtual void FightViewBase::Level1()	0	static
../../TouchGFX/generated/gui_generated/include/gui_generated/fight_screen/FightViewBase.hpp:70:18:virtual void FightViewBase::Level2()	0	static
../../TouchGFX/generated/gui_generated/include/gui_generated/fight_screen/FightViewBase.hpp:74:18:virtual void FightViewBase::Level3()	0	static
../../Middlewares/ST/touchgfx/framework/include/mvp/View.hpp:36:7:touchgfx::View<FightPresenter>::~View()	0	static
C:/Users/LENOVO/Downloads/Pokemon_Update_Final/Pokemon_Update/TouchGFX/generated/gui_generated/src/fight_screen/FightViewBase.cpp:548:6:virtual void FightViewBase::setupScreen()	0	static
../../Middlewares/ST/touchgfx/framework/include/touchgfx/containers/buttons/ClickButtonTrigger.hpp:35:7:touchgfx::ClickButtonTrigger::~ClickButtonTrigger()	0	static
../../Middlewares/ST/touchgfx/framework/include/touchgfx/containers/buttons/BoxWithBorderButtonStyle.hpp:41:7:touchgfx::BoxWithBorderButtonStyle<touchgfx::ClickButtonTrigger>::~BoxWithBorderButtonStyle()	0	static
../../Middlewares/ST/touchgfx/framework/include/touchgfx/containers/buttons/BoxWithBorderButtonStyle.hpp:123:18:void touchgfx::BoxWithBorderButtonStyle<T>::handlePressedUpdated() [with T = touchgfx::ClickButtonTrigger]	0	static
../../Middlewares/ST/touchgfx/framework/include/touchgfx/Callback.hpp:357:8:touchgfx::Callback<FightViewBase, const touchgfx::AbstractButtonContainer&>::~Callback()	0	static
../../Middlewares/ST/touchgfx/framework/include/touchgfx/containers/buttons/ImageButtonStyle.hpp:45:7:touchgfx::ImageButtonStyle<touchgfx::BoxWithBorderButtonStyle<touchgfx::ClickButtonTrigger> >::~ImageButtonStyle()	0	static
../../Middlewares/ST/touchgfx/framework/include/touchgfx/containers/buttons/IconButtonStyle.hpp:44:7:touchgfx::IconButtonStyle<touchgfx::BoxWithBorderButtonStyle<touchgfx::ClickButtonTrigger> >::~IconButtonStyle()	0	static
../../Middlewares/ST/touchgfx/framework/include/touchgfx/widgets/canvas/Shape.hpp:35:7:touchgfx::Shape<3>::~Shape()	0	static
../../Middlewares/ST/touchgfx/framework/include/touchgfx/widgets/canvas/Shape.hpp:35:7:touchgfx::Shape<4>::~Shape()	0	static
../../Middlewares/ST/touchgfx/framework/include/touchgfx/widgets/TextAreaWithWildcard.hpp:62:7:touchgfx::TextAreaWithOneWildcard::~TextAreaWithOneWildcard()	0	static
../../Middlewares/ST/touchgfx/framework/include/touchgfx/Callback.hpp:386:18:void touchgfx::Callback<dest_type, T1, void, void>::execute(T1) [with dest_type = FightViewBase; T1 = const touchgfx::AbstractButtonContainer&]	8	static
../../Middlewares/ST/touchgfx/framework/include/touchgfx/Callback.hpp:396:18:bool touchgfx::Callback<dest_type, T1, void, void>::isValid() const [with dest_type = FightViewBase; T1 = const touchgfx::AbstractButtonContainer&]	0	static
../../Middlewares/ST/touchgfx/framework/include/touchgfx/containers/buttons/ImageButtonStyle.hpp:104:18:void touchgfx::ImageButtonStyle<T>::handleAlphaUpdated() [with T = touchgfx::BoxWithBorderButtonStyle<touchgfx::ClickButtonTrigger>]	0	static
../../Middlewares/ST/touchgfx/framework/include/touchgfx/containers/buttons/IconButtonStyle.hpp:144:18:void touchgfx::IconButtonStyle<T>::handleAlphaUpdated() [with T = touchgfx::BoxWithBorderButtonStyle<touchgfx::ClickButtonTrigger>]	0	static
../../Middlewares/ST/touchgfx/framework/include/touchgfx/widgets/canvas/Shape.hpp:38:17:int touchgfx::Shape<POINTS>::getNumPoints() const [with short unsigned int POINTS = 3]	0	static
../../Middlewares/ST/touchgfx/framework/include/touchgfx/widgets/canvas/Shape.hpp:43:18:void touchgfx::Shape<POINTS>::setCorner(int, touchgfx::CWRUtil::Q5, touchgfx::CWRUtil::Q5) [with short unsigned int POINTS = 3]	0	static
../../Middlewares/ST/touchgfx/framework/include/touchgfx/widgets/canvas/Shape.hpp:51:25:touchgfx::CWRUtil::Q5 touchgfx::Shape<POINTS>::getCornerX(int) const [with short unsigned int POINTS = 3]	0	static
../../Middlewares/ST/touchgfx/framework/include/touchgfx/widgets/canvas/Shape.hpp:60:25:touchgfx::CWRUtil::Q5 touchgfx::Shape<POINTS>::getCornerY(int) const [with short unsigned int POINTS = 3]	0	static
../../Middlewares/ST/touchgfx/framework/include/touchgfx/widgets/canvas/Shape.hpp:70:18:void touchgfx::Shape<POINTS>::setCache(int, touchgfx::CWRUtil::Q5, touchgfx::CWRUtil::Q5) [with short unsigned int POINTS = 3]	0	static
../../Middlewares/ST/touchgfx/framework/include/touchgfx/widgets/canvas/Shape.hpp:78:25:touchgfx::CWRUtil::Q5 touchgfx::Shape<POINTS>::getCacheX(int) const [with short unsigned int POINTS = 3]	0	static
../../Middlewares/ST/touchgfx/framework/include/touchgfx/widgets/canvas/Shape.hpp:87:25:touchgfx::CWRUtil::Q5 touchgfx::Shape<POINTS>::getCacheY(int) const [with short unsigned int POINTS = 3]	0	static
../../Middlewares/ST/touchgfx/framework/include/touchgfx/containers/buttons/BoxWithBorderButtonStyle.hpp:131:18:void touchgfx::BoxWithBorderButtonStyle<T>::handleAlphaUpdated() [with T = touchgfx::ClickButtonTrigger]	0	static
../../Middlewares/ST/touchgfx/framework/include/touchgfx/widgets/canvas/Shape.hpp:38:17:int touchgfx::Shape<POINTS>::getNumPoints() const [with short unsigned int POINTS = 4]	0	static
../../Middlewares/ST/touchgfx/framework/include/touchgfx/widgets/canvas/Shape.hpp:43:18:void touchgfx::Shape<POINTS>::setCorner(int, touchgfx::CWRUtil::Q5, touchgfx::CWRUtil::Q5) [with short unsigned int POINTS = 4]	0	static
../../Middlewares/ST/touchgfx/framework/include/touchgfx/widgets/canvas/Shape.hpp:51:25:touchgfx::CWRUtil::Q5 touchgfx::Shape<POINTS>::getCornerX(int) const [with short unsigned int POINTS = 4]	0	static
../../Middlewares/ST/touchgfx/framework/include/touchgfx/widgets/canvas/Shape.hpp:60:25:touchgfx::CWRUtil::Q5 touchgfx::Shape<POINTS>::getCornerY(int) const [with short unsigned int POINTS = 4]	0	static
../../Middlewares/ST/touchgfx/framework/include/touchgfx/widgets/canvas/Shape.hpp:70:18:void touchgfx::Shape<POINTS>::setCache(int, touchgfx::CWRUtil::Q5, touchgfx::CWRUtil::Q5) [with short unsigned int POINTS = 4]	0	static
../../Middlewares/ST/touchgfx/framework/include/touchgfx/widgets/canvas/Shape.hpp:78:25:touchgfx::CWRUtil::Q5 touchgfx::Shape<POINTS>::getCacheX(int) const [with short unsigned int POINTS = 4]	0	static
../../Middlewares/ST/touchgfx/framework/include/touchgfx/widgets/canvas/Shape.hpp:87:25:touchgfx::CWRUtil::Q5 touchgfx::Shape<POINTS>::getCacheY(int) const [with short unsigned int POINTS = 4]	0	static
../../Middlewares/ST/touchgfx/framework/include/touchgfx/containers/buttons/ImageButtonStyle.hpp:97:18:void touchgfx::ImageButtonStyle<T>::handlePressedUpdated() [with T = touchgfx::BoxWithBorderButtonStyle<touchgfx::ClickButtonTrigger>]	8	static
../../Middlewares/ST/touchgfx/framework/include/touchgfx/containers/buttons/IconButtonStyle.hpp:137:18:void touchgfx::IconButtonStyle<T>::handlePressedUpdated() [with T = touchgfx::BoxWithBorderButtonStyle<touchgfx::ClickButtonTrigger>]	8	static
../../Middlewares/ST/touchgfx/framework/include/touchgfx/TypedText.hpp:65:13:virtual touchgfx::TypedText::~TypedText()	8	static
../../Middlewares/ST/touchgfx/framework/include/mvp/View.hpp:36:7:virtual touchgfx::View<FightPresenter>::~View()	8	static
../../Middlewares/ST/touchgfx/framework/include/touchgfx/containers/buttons/AbstractButtonContainer.hpp:34:7:virtual touchgfx::AbstractButtonContainer::~AbstractButtonContainer()	8	static
../../Middlewares/ST/touchgfx/framework/include/touchgfx/containers/buttons/ClickButtonTrigger.hpp:35:7:virtual touchgfx::ClickButtonTrigger::~ClickButtonTrigger()	8	static
../../Middlewares/ST/touchgfx/framework/include/touchgfx/widgets/TextAreaWithWildcard.hpp:62:7:virtual touchgfx::TextAreaWithOneWildcard::~TextAreaWithOneWildcard()	8	static
../../Middlewares/ST/touchgfx/framework/include/touchgfx/widgets/canvas/Shape.hpp:35:7:virtual touchgfx::Shape<4>::~Shape()	8	static
../../Middlewares/ST/touchgfx/framework/include/touchgfx/widgets/canvas/Shape.hpp:35:7:virtual touchgfx::Shape<3>::~Shape()	8	static
../../Middlewares/ST/touchgfx/framework/include/touchgfx/Callback.hpp:357:8:virtual touchgfx::Callback<FightViewBase, const touchgfx::AbstractButtonContainer&>::~Callback()	8	static
../../Middlewares/ST/touchgfx/framework/include/touchgfx/containers/buttons/BoxWithBorderButtonStyle.hpp:41:7:virtual touchgfx::BoxWithBorderButtonStyle<touchgfx::ClickButtonTrigger>::~BoxWithBorderButtonStyle()	8	static
../../Middlewares/ST/touchgfx/framework/include/touchgfx/containers/buttons/IconButtonStyle.hpp:44:7:virtual touchgfx::IconButtonStyle<touchgfx::BoxWithBorderButtonStyle<touchgfx::ClickButtonTrigger> >::~IconButtonStyle()	8	static
../../Middlewares/ST/touchgfx/framework/include/touchgfx/containers/buttons/ImageButtonStyle.hpp:45:7:virtual touchgfx::ImageButtonStyle<touchgfx::BoxWithBorderButtonStyle<touchgfx::ClickButtonTrigger> >::~ImageButtonStyle()	8	static
C:/Users/LENOVO/Downloads/Pokemon_Update_Final/Pokemon_Update/TouchGFX/generated/gui_generated/src/fight_screen/FightViewBase.cpp:543:1:FightViewBase::~FightViewBase()	8	static
C:/Users/LENOVO/Downloads/Pokemon_Update_Final/Pokemon_Update/TouchGFX/generated/gui_generated/src/fight_screen/FightViewBase.cpp:543:1:virtual FightViewBase::~FightViewBase()	8	static
C:/Users/LENOVO/Downloads/Pokemon_Update_Final/Pokemon_Update/TouchGFX/generated/gui_generated/src/fight_screen/FightViewBase.cpp:553:6:void FightViewBase::flexButtonCallbackHandler(const touchgfx::AbstractButtonContainer&)	16	static
../../Middlewares/ST/touchgfx/framework/include/touchgfx/Drawable.hpp:121:18:virtual void touchgfx::Drawable::invalidateContent() const	0	static
../../Middlewares/ST/touchgfx/framework/include/touchgfx/widgets/TextAreaWithWildcard.hpp:43:18:virtual void touchgfx::TextAreaWithWildcardBase::invalidateContent() const	8	static
../../Middlewares/ST/touchgfx/framework/include/touchgfx/containers/buttons/AbstractButtonContainer.hpp:99:18:virtual void touchgfx::AbstractButtonContainer::executeAction()	8	static
../../Middlewares/ST/touchgfx/framework/include/touchgfx/widgets/Widget.hpp:45:18:virtual void touchgfx::Widget::getLastChild(int16_t, int16_t, touchgfx::Drawable**)	0	static
../../Middlewares/ST/touchgfx/framework/include/touchgfx/widgets/TextArea.hpp:111:18:virtual void touchgfx::TextArea::setBaselineY(int16_t)	16	static
../../Middlewares/ST/touchgfx/framework/include/touchgfx/containers/buttons/ClickButtonTrigger.hpp:47:18:virtual void touchgfx::ClickButtonTrigger::handleClickEvent(const touchgfx::ClickEvent&)	16	static
../../Middlewares/ST/touchgfx/framework/include/touchgfx/Drawable.hpp:343:10:void touchgfx::Drawable::setXY(int16_t, int16_t)	16	static
../../Middlewares/ST/touchgfx/framework/include/touchgfx/containers/buttons/IconButtonStyle.hpp:59:18:void touchgfx::IconButtonStyle<T>::setIconBitmaps(const touchgfx::Bitmap&, const touchgfx::Bitmap&) [with T = touchgfx::BoxWithBorderButtonStyle<touchgfx::ClickButtonTrigger>]	24	static
../../Middlewares/ST/touchgfx/framework/include/touchgfx/Drawable.hpp:413:10:void touchgfx::Drawable::setWidthHeight(int16_t, int16_t)	16	static
../../Middlewares/ST/touchgfx/framework/include/touchgfx/Drawable.hpp:233:10:void touchgfx::Drawable::setPosition(int16_t, int16_t, int16_t, int16_t)	16	static
../../Middlewares/ST/touchgfx/framework/include/touchgfx/containers/buttons/ImageButtonStyle.hpp:61:18:void touchgfx::ImageButtonStyle<T>::setBitmaps(const touchgfx::Bitmap&, const touchgfx::Bitmap&) [with T = touchgfx::BoxWithBorderButtonStyle<touchgfx::ClickButtonTrigger>]	16	static
../../Middlewares/ST/touchgfx/framework/include/touchgfx/widgets/Widget.hpp:36:7:touchgfx::Widget::Widget()	0	static
../../Middlewares/ST/touchgfx/framework/include/touchgfx/widgets/Box.hpp:33:5:touchgfx::Box::Box()	8	static
../../Middlewares/ST/touchgfx/framework/include/touchgfx/widgets/Image.hpp:50:5:touchgfx::Image::Image(const touchgfx::Bitmap&)	16	static
../../Middlewares/ST/touchgfx/framework/include/touchgfx/widgets/BoxWithBorder.hpp:34:5:touchgfx::BoxWithBorder::BoxWithBorder()	8	static
../../Middlewares/ST/touchgfx/framework/include/touchgfx/widgets/TextArea.hpp:43:5:touchgfx::TextArea::TextArea()	8	static
../../Middlewares/ST/touchgfx/framework/include/touchgfx/widgets/canvas/AbstractPainterRGB565.hpp:41:5:touchgfx::AbstractPainterRGB565::AbstractPainterRGB565()	16	static
../../Middlewares/ST/touchgfx/framework/include/touchgfx/widgets/canvas/PainterRGB565.hpp:47:18:virtual void touchgfx::PainterRGB565::setColor(touchgfx::colortype)	0	static
../../Middlewares/ST/touchgfx/framework/include/touchgfx/widgets/canvas/Shape.hpp:35:7:touchgfx::Shape<4>::Shape()	8	static
../../Middlewares/ST/touchgfx/framework/include/touchgfx/widgets/canvas/Shape.hpp:35:7:touchgfx::Shape<3>::Shape()	8	static
../../Middlewares/ST/touchgfx/framework/include/touchgfx/containers/buttons/BoxWithBorderButtonStyle.hpp:44:5:touchgfx::BoxWithBorderButtonStyle<T>::BoxWithBorderButtonStyle() [with T = touchgfx::ClickButtonTrigger]	16	static
../../Middlewares/ST/touchgfx/framework/include/touchgfx/containers/buttons/ImageButtonStyle.hpp:48:5:touchgfx::ImageButtonStyle<T>::ImageButtonStyle() [with T = touchgfx::BoxWithBorderButtonStyle<touchgfx::ClickButtonTrigger>]	24	static
../../Middlewares/ST/touchgfx/framework/include/touchgfx/widgets/canvas/AbstractShape.hpp:151:10:void touchgfx::AbstractShape::setOrigin(T, T) [with T = float]	0	static
../../Middlewares/ST/touchgfx/framework/include/touchgfx/widgets/canvas/AbstractShape.hpp:126:10:void touchgfx::AbstractShape::setShape(const ShapePoint<T>*) [with T = float]	24	static
../../Middlewares/ST/touchgfx/framework/include/touchgfx/containers/buttons/BoxWithBorderButtonStyle.hpp:94:10:void touchgfx::BoxWithBorderButtonStyle<T>::setBoxWithBorderColors(touchgfx::colortype, touchgfx::colortype, touchgfx::colortype, touchgfx::colortype) [with T = touchgfx::ClickButtonTrigger]	4	static
C:/Users/LENOVO/Downloads/Pokemon_Update_Final/Pokemon_Update/TouchGFX/generated/gui_generated/src/fight_screen/FightViewBase.cpp:10:1:FightViewBase::FightViewBase()	528	static
